// Jest Snapshot v1, https://goo.gl/fbAQLP

exports[`Loader capture snapshot 1`] = `
<Loader
  color="#c8102e"
  css={Object {}}
  loading={true}
  margin="2px"
  size={15}
  sizeUnit="px"
/>
`;
